{
    "nodes": [
        {
            "body": [
                {
                    "body": [
                        {
                            "left": {
                                "node_type": "Var",
                                "source_refs": [
                                    {
                                        "col_end": 5,
                                        "col_start": 4,
                                        "node_type": "SourceRef",
                                        "row_end": 2,
                                        "row_start": 2,
                                        "source_file_name": "test_if_4.py"
                                    }
                                ],
                                "type": "float",
                                "val": {
                                    "name": "x",
                                    "node_type": "Name",
                                    "source_refs": [
                                        {
                                            "col_end": 5,
                                            "col_start": 4,
                                            "node_type": "SourceRef",
                                            "row_end": 2,
                                            "row_start": 2,
                                            "source_file_name": "test_if_4.py"
                                        }
                                    ]
                                }
                            },
                            "node_type": "Assignment",
                            "right": {
                                "node_type": "Number",
                                "number": 2,
                                "source_refs": [
                                    {
                                        "col_end": 9,
                                        "col_start": 8,
                                        "node_type": "SourceRef",
                                        "row_end": 2,
                                        "row_start": 2,
                                        "source_file_name": "test_if_4.py"
                                    }
                                ]
                            },
                            "source_refs": [
                                {
                                    "col_end": 9,
                                    "col_start": 4,
                                    "node_type": "SourceRef",
                                    "row_end": 2,
                                    "row_start": 2,
                                    "source_file_name": "test_if_4.py"
                                }
                            ]
                        },
                        {
                            "left": {
                                "node_type": "Var",
                                "source_refs": [
                                    {
                                        "col_end": 5,
                                        "col_start": 4,
                                        "node_type": "SourceRef",
                                        "row_end": 3,
                                        "row_start": 3,
                                        "source_file_name": "test_if_4.py"
                                    }
                                ],
                                "type": "float",
                                "val": {
                                    "name": "y",
                                    "node_type": "Name",
                                    "source_refs": [
                                        {
                                            "col_end": 5,
                                            "col_start": 4,
                                            "node_type": "SourceRef",
                                            "row_end": 3,
                                            "row_start": 3,
                                            "source_file_name": "test_if_4.py"
                                        }
                                    ]
                                }
                            },
                            "node_type": "Assignment",
                            "right": {
                                "body": [
                                    {
                                        "node_type": "Number",
                                        "number": 3,
                                        "source_refs": [
                                            {
                                                "col_end": 9,
                                                "col_start": 8,
                                                "node_type": "SourceRef",
                                                "row_end": 3,
                                                "row_start": 3,
                                                "source_file_name": "test_if_4.py"
                                            }
                                        ]
                                    }
                                ],
                                "expr": {
                                    "left": {
                                        "name": "x",
                                        "node_type": "Name",
                                        "source_refs": [
                                            {
                                                "col_end": 14,
                                                "col_start": 13,
                                                "node_type": "SourceRef",
                                                "row_end": 3,
                                                "row_start": 3,
                                                "source_file_name": "test_if_4.py"
                                            }
                                        ]
                                    },
                                    "node_type": "BinaryOp",
                                    "op": "Eq",
                                    "right": {
                                        "node_type": "Number",
                                        "number": 2,
                                        "source_refs": [
                                            {
                                                "col_end": 19,
                                                "col_start": 18,
                                                "node_type": "SourceRef",
                                                "row_end": 3,
                                                "row_start": 3,
                                                "source_file_name": "test_if_4.py"
                                            }
                                        ]
                                    },
                                    "source_refs": [
                                        {
                                            "col_end": 19,
                                            "col_start": 13,
                                            "node_type": "SourceRef",
                                            "row_end": 3,
                                            "row_start": 3,
                                            "source_file_name": "test_if_4.py"
                                        }
                                    ]
                                },
                                "node_type": "ModelIf",
                                "orelse": [
                                    {
                                        "node_type": "Number",
                                        "number": 4,
                                        "source_refs": [
                                            {
                                                "col_end": 26,
                                                "col_start": 25,
                                                "node_type": "SourceRef",
                                                "row_end": 3,
                                                "row_start": 3,
                                                "source_file_name": "test_if_4.py"
                                            }
                                        ]
                                    }
                                ],
                                "source_refs": [
                                    {
                                        "col_end": 26,
                                        "col_start": 8,
                                        "node_type": "SourceRef",
                                        "row_end": 3,
                                        "row_start": 3,
                                        "source_file_name": "test_if_4.py"
                                    }
                                ]
                            },
                            "source_refs": [
                                {
                                    "col_end": 26,
                                    "col_start": 4,
                                    "node_type": "SourceRef",
                                    "row_end": 3,
                                    "row_start": 3,
                                    "source_file_name": "test_if_4.py"
                                }
                            ]
                        },
                        {
                            "expr": {
                                "arguments": [
                                    {
                                        "name": "y",
                                        "node_type": "Name",
                                        "source_refs": [
                                            {
                                                "col_end": 11,
                                                "col_start": 10,
                                                "node_type": "SourceRef",
                                                "row_end": 5,
                                                "row_start": 5,
                                                "source_file_name": "test_if_4.py"
                                            }
                                        ]
                                    }
                                ],
                                "func": {
                                    "name": "print",
                                    "node_type": "Name",
                                    "source_refs": [
                                        {
                                            "col_end": 12,
                                            "col_start": 4,
                                            "node_type": "SourceRef",
                                            "row_end": 5,
                                            "row_start": 5,
                                            "source_file_name": "test_if_4.py"
                                        }
                                    ]
                                },
                                "node_type": "Call",
                                "source_refs": [
                                    {
                                        "col_end": 12,
                                        "col_start": 4,
                                        "node_type": "SourceRef",
                                        "row_end": 5,
                                        "row_start": 5,
                                        "source_file_name": "test_if_4.py"
                                    }
                                ]
                            },
                            "node_type": "Expr",
                            "source_refs": [
                                {
                                    "col_end": 12,
                                    "col_start": 4,
                                    "node_type": "SourceRef",
                                    "row_end": 5,
                                    "row_start": 5,
                                    "source_file_name": "test_if_4.py"
                                }
                            ]
                        }
                    ],
                    "func_args": [],
                    "name": "main",
                    "node_type": "FunctionDef",
                    "source_refs": [
                        {
                            "col_end": 12,
                            "col_start": 0,
                            "node_type": "SourceRef",
                            "row_end": 5,
                            "row_start": 1,
                            "source_file_name": "test_if_4.py"
                        }
                    ]
                },
                {
                    "expr": {
                        "arguments": [],
                        "func": {
                            "name": "main",
                            "node_type": "Name",
                            "source_refs": [
                                {
                                    "col_end": 6,
                                    "col_start": 0,
                                    "node_type": "SourceRef",
                                    "row_end": 7,
                                    "row_start": 7,
                                    "source_file_name": "test_if_4.py"
                                }
                            ]
                        },
                        "node_type": "Call",
                        "source_refs": [
                            {
                                "col_end": 6,
                                "col_start": 0,
                                "node_type": "SourceRef",
                                "row_end": 7,
                                "row_start": 7,
                                "source_file_name": "test_if_4.py"
                            }
                        ]
                    },
                    "node_type": "Expr",
                    "source_refs": [
                        {
                            "col_end": 6,
                            "col_start": 0,
                            "node_type": "SourceRef",
                            "row_end": 7,
                            "row_start": 7,
                            "source_file_name": "test_if_4.py"
                        }
                    ]
                }
            ],
            "name": "test_if_4",
            "node_type": "Module",
            "source_refs": [
                {
                    "col_end": null,
                    "col_start": null,
                    "node_type": "SourceRef",
                    "row_end": 7,
                    "row_start": 1,
                    "source_file_name": "test_if_4.py"
                }
            ]
        }
    ]
}