{
    "nodes": [
        {
            "body": [
                {
                    "body": [
                        {
                            "left": {
                                "node_type": "Var",
                                "source_refs": [
                                    {
                                        "col_end": 5,
                                        "col_start": 4,
                                        "node_type": "SourceRef",
                                        "row_end": 2,
                                        "row_start": 2,
                                        "source_file_name": "test_bool_1.py"
                                    }
                                ],
                                "type": "float",
                                "val": {
                                    "name": "x",
                                    "node_type": "Name",
                                    "source_refs": [
                                        {
                                            "col_end": 5,
                                            "col_start": 4,
                                            "node_type": "SourceRef",
                                            "row_end": 2,
                                            "row_start": 2,
                                            "source_file_name": "test_bool_1.py"
                                        }
                                    ]
                                }
                            },
                            "node_type": "Assignment",
                            "right": {
                                "node_type": "Number",
                                "number": true,
                                "source_refs": [
                                    {
                                        "col_end": 12,
                                        "col_start": 8,
                                        "node_type": "SourceRef",
                                        "row_end": 2,
                                        "row_start": 2,
                                        "source_file_name": "test_bool_1.py"
                                    }
                                ]
                            },
                            "source_refs": [
                                {
                                    "col_end": 12,
                                    "col_start": 4,
                                    "node_type": "SourceRef",
                                    "row_end": 2,
                                    "row_start": 2,
                                    "source_file_name": "test_bool_1.py"
                                }
                            ]
                        },
                        {
                            "body": [
                                {
                                    "expr": {
                                        "arguments": [
                                            {
                                                "name": "x",
                                                "node_type": "Name",
                                                "source_refs": [
                                                    {
                                                        "col_end": 15,
                                                        "col_start": 14,
                                                        "node_type": "SourceRef",
                                                        "row_end": 5,
                                                        "row_start": 5,
                                                        "source_file_name": "test_bool_1.py"
                                                    }
                                                ]
                                            }
                                        ],
                                        "func": {
                                            "name": "print",
                                            "node_type": "Name",
                                            "source_refs": [
                                                {
                                                    "col_end": 16,
                                                    "col_start": 8,
                                                    "node_type": "SourceRef",
                                                    "row_end": 5,
                                                    "row_start": 5,
                                                    "source_file_name": "test_bool_1.py"
                                                }
                                            ]
                                        },
                                        "node_type": "Call",
                                        "source_refs": [
                                            {
                                                "col_end": 16,
                                                "col_start": 8,
                                                "node_type": "SourceRef",
                                                "row_end": 5,
                                                "row_start": 5,
                                                "source_file_name": "test_bool_1.py"
                                            }
                                        ]
                                    },
                                    "node_type": "Expr",
                                    "source_refs": [
                                        {
                                            "col_end": 16,
                                            "col_start": 8,
                                            "node_type": "SourceRef",
                                            "row_end": 5,
                                            "row_start": 5,
                                            "source_file_name": "test_bool_1.py"
                                        }
                                    ]
                                }
                            ],
                            "expr": {
                                "left": {
                                    "name": "x",
                                    "node_type": "Name",
                                    "source_refs": [
                                        {
                                            "col_end": 8,
                                            "col_start": 7,
                                            "node_type": "SourceRef",
                                            "row_end": 4,
                                            "row_start": 4,
                                            "source_file_name": "test_bool_1.py"
                                        }
                                    ]
                                },
                                "node_type": "BinaryOp",
                                "op": "Eq",
                                "right": {
                                    "node_type": "Number",
                                    "number": true,
                                    "source_refs": [
                                        {
                                            "col_end": 16,
                                            "col_start": 12,
                                            "node_type": "SourceRef",
                                            "row_end": 4,
                                            "row_start": 4,
                                            "source_file_name": "test_bool_1.py"
                                        }
                                    ]
                                },
                                "source_refs": [
                                    {
                                        "col_end": 16,
                                        "col_start": 7,
                                        "node_type": "SourceRef",
                                        "row_end": 4,
                                        "row_start": 4,
                                        "source_file_name": "test_bool_1.py"
                                    }
                                ]
                            },
                            "node_type": "ModelIf",
                            "orelse": [],
                            "source_refs": [
                                {
                                    "col_end": 16,
                                    "col_start": 4,
                                    "node_type": "SourceRef",
                                    "row_end": 5,
                                    "row_start": 4,
                                    "source_file_name": "test_bool_1.py"
                                }
                            ]
                        }
                    ],
                    "func_args": [],
                    "name": "main",
                    "node_type": "FunctionDef",
                    "source_refs": [
                        {
                            "col_end": 16,
                            "col_start": 0,
                            "node_type": "SourceRef",
                            "row_end": 5,
                            "row_start": 1,
                            "source_file_name": "test_bool_1.py"
                        }
                    ]
                }
            ],
            "name": "test_bool_1",
            "node_type": "Module",
            "source_refs": [
                {
                    "col_end": null,
                    "col_start": null,
                    "node_type": "SourceRef",
                    "row_end": 5,
                    "row_start": 1,
                    "source_file_name": "test_bool_1.py"
                }
            ]
        }
    ]
}