{
    "nodes": [
        {
            "body": [
                {
                    "body": [
                        {
                            "left": {
                                "node_type": "Var",
                                "source_refs": [
                                    {
                                        "col_end": 5,
                                        "col_start": 4,
                                        "node_type": "SourceRef",
                                        "row_end": 3,
                                        "row_start": 3,
                                        "source_file_name": "test_lambda_1.py"
                                    }
                                ],
                                "type": "float",
                                "val": {
                                    "name": "x",
                                    "node_type": "Name",
                                    "source_refs": [
                                        {
                                            "col_end": 5,
                                            "col_start": 4,
                                            "node_type": "SourceRef",
                                            "row_end": 3,
                                            "row_start": 3,
                                            "source_file_name": "test_lambda_1.py"
                                        }
                                    ]
                                }
                            },
                            "node_type": "Assignment",
                            "right": {
                                "body": [
                                    {
                                        "left": {
                                            "name": "y",
                                            "node_type": "Name",
                                            "source_refs": [
                                                {
                                                    "col_end": 20,
                                                    "col_start": 19,
                                                    "node_type": "SourceRef",
                                                    "row_end": 3,
                                                    "row_start": 3,
                                                    "source_file_name": "test_lambda_1.py"
                                                }
                                            ]
                                        },
                                        "node_type": "BinaryOp",
                                        "op": "Mult",
                                        "right": {
                                            "node_type": "Number",
                                            "number": 2,
                                            "source_refs": [
                                                {
                                                    "col_end": 24,
                                                    "col_start": 23,
                                                    "node_type": "SourceRef",
                                                    "row_end": 3,
                                                    "row_start": 3,
                                                    "source_file_name": "test_lambda_1.py"
                                                }
                                            ]
                                        },
                                        "source_refs": [
                                            {
                                                "col_end": 24,
                                                "col_start": 19,
                                                "node_type": "SourceRef",
                                                "row_end": 3,
                                                "row_start": 3,
                                                "source_file_name": "test_lambda_1.py"
                                            }
                                        ]
                                    }
                                ],
                                "func_args": [
                                    {
                                        "node_type": "Var",
                                        "source_refs": [
                                            {
                                                "col_end": 16,
                                                "col_start": 15,
                                                "node_type": "SourceRef",
                                                "row_end": 3,
                                                "row_start": 3,
                                                "source_file_name": "test_lambda_1.py"
                                            }
                                        ],
                                        "type": "float",
                                        "val": {
                                            "name": "y",
                                            "node_type": "Name",
                                            "source_refs": [
                                                {
                                                    "col_end": 16,
                                                    "col_start": 15,
                                                    "node_type": "SourceRef",
                                                    "row_end": 3,
                                                    "row_start": 3,
                                                    "source_file_name": "test_lambda_1.py"
                                                }
                                            ]
                                        }
                                    }
                                ],
                                "name": "LAMBDA",
                                "node_type": "FunctionDef",
                                "source_refs": [
                                    {
                                        "col_end": 24,
                                        "col_start": 8,
                                        "node_type": "SourceRef",
                                        "row_end": 3,
                                        "row_start": 3,
                                        "source_file_name": "test_lambda_1.py"
                                    }
                                ]
                            },
                            "source_refs": [
                                {
                                    "col_end": 24,
                                    "col_start": 4,
                                    "node_type": "SourceRef",
                                    "row_end": 3,
                                    "row_start": 3,
                                    "source_file_name": "test_lambda_1.py"
                                }
                            ]
                        }
                    ],
                    "func_args": [],
                    "name": "main",
                    "node_type": "FunctionDef",
                    "source_refs": [
                        {
                            "col_end": 24,
                            "col_start": 0,
                            "node_type": "SourceRef",
                            "row_end": 3,
                            "row_start": 2,
                            "source_file_name": "test_lambda_1.py"
                        }
                    ]
                }
            ],
            "name": "test_lambda_1",
            "node_type": "Module",
            "source_refs": [
                {
                    "col_end": null,
                    "col_start": null,
                    "node_type": "SourceRef",
                    "row_end": 3,
                    "row_start": 1,
                    "source_file_name": "test_lambda_1.py"
                }
            ]
        }
    ]
}