{
    "nodes": [
        {
            "body": [
                {
                    "body": [
                        {
                            "left": {
                                "node_type": "Var",
                                "source_refs": [
                                    {
                                        "col_end": 5,
                                        "col_start": 4,
                                        "node_type": "SourceRef",
                                        "row_end": 2,
                                        "row_start": 2,
                                        "source_file_name": "test_assign_4.py"
                                    }
                                ],
                                "type": "float",
                                "val": {
                                    "name": "x",
                                    "node_type": "Name",
                                    "source_refs": [
                                        {
                                            "col_end": 5,
                                            "col_start": 4,
                                            "node_type": "SourceRef",
                                            "row_end": 2,
                                            "row_start": 2,
                                            "source_file_name": "test_assign_4.py"
                                        }
                                    ]
                                }
                            },
                            "node_type": "Assignment",
                            "right": {
                                "node_type": "List",
                                "source_refs": [
                                    {
                                        "col_end": 15,
                                        "col_start": 8,
                                        "node_type": "SourceRef",
                                        "row_end": 2,
                                        "row_start": 2,
                                        "source_file_name": "test_assign_4.py"
                                    }
                                ],
                                "values": [
                                    {
                                        "node_type": "Number",
                                        "number": 1,
                                        "source_refs": [
                                            {
                                                "col_end": 10,
                                                "col_start": 9,
                                                "node_type": "SourceRef",
                                                "row_end": 2,
                                                "row_start": 2,
                                                "source_file_name": "test_assign_4.py"
                                            }
                                        ]
                                    },
                                    {
                                        "node_type": "Number",
                                        "number": 2,
                                        "source_refs": [
                                            {
                                                "col_end": 12,
                                                "col_start": 11,
                                                "node_type": "SourceRef",
                                                "row_end": 2,
                                                "row_start": 2,
                                                "source_file_name": "test_assign_4.py"
                                            }
                                        ]
                                    },
                                    {
                                        "node_type": "Number",
                                        "number": 3,
                                        "source_refs": [
                                            {
                                                "col_end": 14,
                                                "col_start": 13,
                                                "node_type": "SourceRef",
                                                "row_end": 2,
                                                "row_start": 2,
                                                "source_file_name": "test_assign_4.py"
                                            }
                                        ]
                                    }
                                ]
                            },
                            "source_refs": [
                                {
                                    "col_end": 15,
                                    "col_start": 4,
                                    "node_type": "SourceRef",
                                    "row_end": 2,
                                    "row_start": 2,
                                    "source_file_name": "test_assign_4.py"
                                }
                            ]
                        },
                        {
                            "left": {
                                "node_type": "Subscript",
                                "slice": {
                                    "node_type": "Number",
                                    "number": 1,
                                    "source_refs": [
                                        {
                                            "col_end": 7,
                                            "col_start": 6,
                                            "node_type": "SourceRef",
                                            "row_end": 3,
                                            "row_start": 3,
                                            "source_file_name": "test_assign_4.py"
                                        }
                                    ]
                                },
                                "source_refs": [
                                    {
                                        "col_end": 8,
                                        "col_start": 4,
                                        "node_type": "SourceRef",
                                        "row_end": 3,
                                        "row_start": 3,
                                        "source_file_name": "test_assign_4.py"
                                    }
                                ],
                                "value": {
                                    "name": "x",
                                    "node_type": "Name",
                                    "source_refs": [
                                        {
                                            "col_end": 5,
                                            "col_start": 4,
                                            "node_type": "SourceRef",
                                            "row_end": 3,
                                            "row_start": 3,
                                            "source_file_name": "test_assign_4.py"
                                        }
                                    ]
                                }
                            },
                            "node_type": "Assignment",
                            "right": {
                                "node_type": "Number",
                                "number": 3.0,
                                "source_refs": [
                                    {
                                        "col_end": 14,
                                        "col_start": 11,
                                        "node_type": "SourceRef",
                                        "row_end": 3,
                                        "row_start": 3,
                                        "source_file_name": "test_assign_4.py"
                                    }
                                ]
                            },
                            "source_refs": [
                                {
                                    "col_end": 14,
                                    "col_start": 4,
                                    "node_type": "SourceRef",
                                    "row_end": 3,
                                    "row_start": 3,
                                    "source_file_name": "test_assign_4.py"
                                }
                            ]
                        }
                    ],
                    "func_args": [],
                    "name": "main",
                    "node_type": "FunctionDef",
                    "source_refs": [
                        {
                            "col_end": 14,
                            "col_start": 0,
                            "node_type": "SourceRef",
                            "row_end": 3,
                            "row_start": 1,
                            "source_file_name": "test_assign_4.py"
                        }
                    ]
                }
            ],
            "name": "test_assign_4",
            "node_type": "Module",
            "source_refs": [
                {
                    "col_end": null,
                    "col_start": null,
                    "node_type": "SourceRef",
                    "row_end": 3,
                    "row_start": 1,
                    "source_file_name": "test_assign_4.py"
                }
            ]
        }
    ]
}