{
    "nodes": [
        {
            "body": [
                {
                    "body": [
                        {
                            "left": {
                                "node_type": "Var",
                                "source_refs": [
                                    {
                                        "col_end": 5,
                                        "col_start": 4,
                                        "node_type": "SourceRef",
                                        "row_end": 3,
                                        "row_start": 3,
                                        "source_file_name": "test_assign_1.py"
                                    }
                                ],
                                "type": "float",
                                "val": {
                                    "name": "x",
                                    "node_type": "Name",
                                    "source_refs": [
                                        {
                                            "col_end": 5,
                                            "col_start": 4,
                                            "node_type": "SourceRef",
                                            "row_end": 3,
                                            "row_start": 3,
                                            "source_file_name": "test_assign_1.py"
                                        }
                                    ]
                                }
                            },
                            "node_type": "Assignment",
                            "right": {
                                "node_type": "Number",
                                "number": 1,
                                "source_refs": [
                                    {
                                        "col_end": 9,
                                        "col_start": 8,
                                        "node_type": "SourceRef",
                                        "row_end": 3,
                                        "row_start": 3,
                                        "source_file_name": "test_assign_1.py"
                                    }
                                ]
                            },
                            "source_refs": [
                                {
                                    "col_end": 9,
                                    "col_start": 4,
                                    "node_type": "SourceRef",
                                    "row_end": 3,
                                    "row_start": 3,
                                    "source_file_name": "test_assign_1.py"
                                }
                            ]
                        }
                    ],
                    "func_args": [],
                    "name": "main",
                    "node_type": "FunctionDef",
                    "source_refs": [
                        {
                            "col_end": 9,
                            "col_start": 0,
                            "node_type": "SourceRef",
                            "row_end": 3,
                            "row_start": 2,
                            "source_file_name": "test_assign_1.py"
                        }
                    ]
                }
            ],
            "name": "test_assign_1",
            "node_type": "Module",
            "source_refs": [
                {
                    "col_end": null,
                    "col_start": null,
                    "node_type": "SourceRef",
                    "row_end": 3,
                    "row_start": 1,
                    "source_file_name": "test_assign_1.py"
                }
            ]
        }
    ]
}