{
    "nodes": [
        {
            "body": [
                {
                    "body": [
                        {
                            "left": {
                                "node_type": "Var",
                                "source_refs": [
                                    {
                                        "col_end": 5,
                                        "col_start": 4,
                                        "node_type": "SourceRef",
                                        "row_end": 2,
                                        "row_start": 2,
                                        "source_file_name": "test_name_1.py"
                                    }
                                ],
                                "type": "float",
                                "val": {
                                    "name": "w",
                                    "node_type": "Name",
                                    "source_refs": [
                                        {
                                            "col_end": 5,
                                            "col_start": 4,
                                            "node_type": "SourceRef",
                                            "row_end": 2,
                                            "row_start": 2,
                                            "source_file_name": "test_name_1.py"
                                        }
                                    ]
                                }
                            },
                            "node_type": "Assignment",
                            "right": {
                                "left": {
                                    "left": {
                                        "name": "x",
                                        "node_type": "Name",
                                        "source_refs": [
                                            {
                                                "col_end": 9,
                                                "col_start": 8,
                                                "node_type": "SourceRef",
                                                "row_end": 2,
                                                "row_start": 2,
                                                "source_file_name": "test_name_1.py"
                                            }
                                        ]
                                    },
                                    "node_type": "BinaryOp",
                                    "op": "Mult",
                                    "right": {
                                        "name": "y",
                                        "node_type": "Name",
                                        "source_refs": [
                                            {
                                                "col_end": 13,
                                                "col_start": 12,
                                                "node_type": "SourceRef",
                                                "row_end": 2,
                                                "row_start": 2,
                                                "source_file_name": "test_name_1.py"
                                            }
                                        ]
                                    },
                                    "source_refs": [
                                        {
                                            "col_end": 13,
                                            "col_start": 8,
                                            "node_type": "SourceRef",
                                            "row_end": 2,
                                            "row_start": 2,
                                            "source_file_name": "test_name_1.py"
                                        }
                                    ]
                                },
                                "node_type": "BinaryOp",
                                "op": "Sub",
                                "right": {
                                    "name": "z",
                                    "node_type": "Name",
                                    "source_refs": [
                                        {
                                            "col_end": 17,
                                            "col_start": 16,
                                            "node_type": "SourceRef",
                                            "row_end": 2,
                                            "row_start": 2,
                                            "source_file_name": "test_name_1.py"
                                        }
                                    ]
                                },
                                "source_refs": [
                                    {
                                        "col_end": 17,
                                        "col_start": 8,
                                        "node_type": "SourceRef",
                                        "row_end": 2,
                                        "row_start": 2,
                                        "source_file_name": "test_name_1.py"
                                    }
                                ]
                            },
                            "source_refs": [
                                {
                                    "col_end": 17,
                                    "col_start": 4,
                                    "node_type": "SourceRef",
                                    "row_end": 2,
                                    "row_start": 2,
                                    "source_file_name": "test_name_1.py"
                                }
                            ]
                        },
                        {
                            "node_type": "ModelReturn",
                            "source_refs": [
                                {
                                    "col_end": 18,
                                    "col_start": 4,
                                    "node_type": "SourceRef",
                                    "row_end": 4,
                                    "row_start": 4,
                                    "source_file_name": "test_name_1.py"
                                }
                            ],
                            "value": {
                                "node_type": "Tuple",
                                "source_refs": [
                                    {
                                        "col_end": 18,
                                        "col_start": 11,
                                        "node_type": "SourceRef",
                                        "row_end": 4,
                                        "row_start": 4,
                                        "source_file_name": "test_name_1.py"
                                    }
                                ],
                                "values": [
                                    {
                                        "name": "x",
                                        "node_type": "Name",
                                        "source_refs": [
                                            {
                                                "col_end": 13,
                                                "col_start": 12,
                                                "node_type": "SourceRef",
                                                "row_end": 4,
                                                "row_start": 4,
                                                "source_file_name": "test_name_1.py"
                                            }
                                        ]
                                    },
                                    {
                                        "name": "w",
                                        "node_type": "Name",
                                        "source_refs": [
                                            {
                                                "col_end": 15,
                                                "col_start": 14,
                                                "node_type": "SourceRef",
                                                "row_end": 4,
                                                "row_start": 4,
                                                "source_file_name": "test_name_1.py"
                                            }
                                        ]
                                    },
                                    {
                                        "name": "z",
                                        "node_type": "Name",
                                        "source_refs": [
                                            {
                                                "col_end": 17,
                                                "col_start": 16,
                                                "node_type": "SourceRef",
                                                "row_end": 4,
                                                "row_start": 4,
                                                "source_file_name": "test_name_1.py"
                                            }
                                        ]
                                    }
                                ]
                            }
                        }
                    ],
                    "func_args": [
                        {
                            "node_type": "Var",
                            "source_refs": [
                                {
                                    "col_end": 9,
                                    "col_start": 8,
                                    "node_type": "SourceRef",
                                    "row_end": 1,
                                    "row_start": 1,
                                    "source_file_name": "test_name_1.py"
                                }
                            ],
                            "type": "float",
                            "val": {
                                "name": "x",
                                "node_type": "Name",
                                "source_refs": [
                                    {
                                        "col_end": 9,
                                        "col_start": 8,
                                        "node_type": "SourceRef",
                                        "row_end": 1,
                                        "row_start": 1,
                                        "source_file_name": "test_name_1.py"
                                    }
                                ]
                            }
                        },
                        {
                            "node_type": "Var",
                            "source_refs": [
                                {
                                    "col_end": 11,
                                    "col_start": 10,
                                    "node_type": "SourceRef",
                                    "row_end": 1,
                                    "row_start": 1,
                                    "source_file_name": "test_name_1.py"
                                }
                            ],
                            "type": "float",
                            "val": {
                                "name": "y",
                                "node_type": "Name",
                                "source_refs": [
                                    {
                                        "col_end": 11,
                                        "col_start": 10,
                                        "node_type": "SourceRef",
                                        "row_end": 1,
                                        "row_start": 1,
                                        "source_file_name": "test_name_1.py"
                                    }
                                ]
                            }
                        },
                        {
                            "node_type": "Var",
                            "source_refs": [
                                {
                                    "col_end": 13,
                                    "col_start": 12,
                                    "node_type": "SourceRef",
                                    "row_end": 1,
                                    "row_start": 1,
                                    "source_file_name": "test_name_1.py"
                                }
                            ],
                            "type": "float",
                            "val": {
                                "name": "z",
                                "node_type": "Name",
                                "source_refs": [
                                    {
                                        "col_end": 13,
                                        "col_start": 12,
                                        "node_type": "SourceRef",
                                        "row_end": 1,
                                        "row_start": 1,
                                        "source_file_name": "test_name_1.py"
                                    }
                                ]
                            }
                        }
                    ],
                    "name": "foo",
                    "node_type": "FunctionDef",
                    "source_refs": [
                        {
                            "col_end": 18,
                            "col_start": 0,
                            "node_type": "SourceRef",
                            "row_end": 4,
                            "row_start": 1,
                            "source_file_name": "test_name_1.py"
                        }
                    ]
                },
                {
                    "body": [
                        {
                            "left": {
                                "node_type": "Var",
                                "source_refs": [
                                    {
                                        "col_end": 5,
                                        "col_start": 4,
                                        "node_type": "SourceRef",
                                        "row_end": 8,
                                        "row_start": 8,
                                        "source_file_name": "test_name_1.py"
                                    }
                                ],
                                "type": "float",
                                "val": {
                                    "name": "x",
                                    "node_type": "Name",
                                    "source_refs": [
                                        {
                                            "col_end": 5,
                                            "col_start": 4,
                                            "node_type": "SourceRef",
                                            "row_end": 8,
                                            "row_start": 8,
                                            "source_file_name": "test_name_1.py"
                                        }
                                    ]
                                }
                            },
                            "node_type": "Assignment",
                            "right": {
                                "node_type": "Number",
                                "number": 1,
                                "source_refs": [
                                    {
                                        "col_end": 9,
                                        "col_start": 8,
                                        "node_type": "SourceRef",
                                        "row_end": 8,
                                        "row_start": 8,
                                        "source_file_name": "test_name_1.py"
                                    }
                                ]
                            },
                            "source_refs": [
                                {
                                    "col_end": 9,
                                    "col_start": 4,
                                    "node_type": "SourceRef",
                                    "row_end": 8,
                                    "row_start": 8,
                                    "source_file_name": "test_name_1.py"
                                }
                            ]
                        },
                        {
                            "expr": {
                                "arguments": [
                                    {
                                        "name": "x",
                                        "node_type": "Name",
                                        "source_refs": [
                                            {
                                                "col_end": 11,
                                                "col_start": 10,
                                                "node_type": "SourceRef",
                                                "row_end": 9,
                                                "row_start": 9,
                                                "source_file_name": "test_name_1.py"
                                            }
                                        ]
                                    }
                                ],
                                "func": {
                                    "name": "print",
                                    "node_type": "Name",
                                    "source_refs": [
                                        {
                                            "col_end": 12,
                                            "col_start": 4,
                                            "node_type": "SourceRef",
                                            "row_end": 9,
                                            "row_start": 9,
                                            "source_file_name": "test_name_1.py"
                                        }
                                    ]
                                },
                                "node_type": "Call",
                                "source_refs": [
                                    {
                                        "col_end": 12,
                                        "col_start": 4,
                                        "node_type": "SourceRef",
                                        "row_end": 9,
                                        "row_start": 9,
                                        "source_file_name": "test_name_1.py"
                                    }
                                ]
                            },
                            "node_type": "Expr",
                            "source_refs": [
                                {
                                    "col_end": 12,
                                    "col_start": 4,
                                    "node_type": "SourceRef",
                                    "row_end": 9,
                                    "row_start": 9,
                                    "source_file_name": "test_name_1.py"
                                }
                            ]
                        }
                    ],
                    "func_args": [],
                    "name": "main",
                    "node_type": "FunctionDef",
                    "source_refs": [
                        {
                            "col_end": 12,
                            "col_start": 0,
                            "node_type": "SourceRef",
                            "row_end": 9,
                            "row_start": 7,
                            "source_file_name": "test_name_1.py"
                        }
                    ]
                },
                {
                    "expr": {
                        "arguments": [],
                        "func": {
                            "name": "main",
                            "node_type": "Name",
                            "source_refs": [
                                {
                                    "col_end": 6,
                                    "col_start": 0,
                                    "node_type": "SourceRef",
                                    "row_end": 11,
                                    "row_start": 11,
                                    "source_file_name": "test_name_1.py"
                                }
                            ]
                        },
                        "node_type": "Call",
                        "source_refs": [
                            {
                                "col_end": 6,
                                "col_start": 0,
                                "node_type": "SourceRef",
                                "row_end": 11,
                                "row_start": 11,
                                "source_file_name": "test_name_1.py"
                            }
                        ]
                    },
                    "node_type": "Expr",
                    "source_refs": [
                        {
                            "col_end": 6,
                            "col_start": 0,
                            "node_type": "SourceRef",
                            "row_end": 11,
                            "row_start": 11,
                            "source_file_name": "test_name_1.py"
                        }
                    ]
                }
            ],
            "name": "test_name_1",
            "node_type": "Module",
            "source_refs": [
                {
                    "col_end": null,
                    "col_start": null,
                    "node_type": "SourceRef",
                    "row_end": 11,
                    "row_start": 1,
                    "source_file_name": "test_name_1.py"
                }
            ]
        }
    ]
}