{
    "nodes": [
        {
            "body": [
                {
                    "body": [
                        {
                            "left": {
                                "node_type": "Var",
                                "source_refs": [
                                    {
                                        "col_end": 5,
                                        "col_start": 4,
                                        "node_type": "SourceRef",
                                        "row_end": 3,
                                        "row_start": 3,
                                        "source_file_name": "test_for_1.py"
                                    }
                                ],
                                "type": "float",
                                "val": {
                                    "name": "y",
                                    "node_type": "Name",
                                    "source_refs": [
                                        {
                                            "col_end": 5,
                                            "col_start": 4,
                                            "node_type": "SourceRef",
                                            "row_end": 3,
                                            "row_start": 3,
                                            "source_file_name": "test_for_1.py"
                                        }
                                    ]
                                }
                            },
                            "node_type": "Assignment",
                            "right": {
                                "node_type": "List",
                                "source_refs": [
                                    {
                                        "col_end": 19,
                                        "col_start": 8,
                                        "node_type": "SourceRef",
                                        "row_end": 3,
                                        "row_start": 3,
                                        "source_file_name": "test_for_1.py"
                                    }
                                ],
                                "values": [
                                    {
                                        "node_type": "Number",
                                        "number": 1,
                                        "source_refs": [
                                            {
                                                "col_end": 10,
                                                "col_start": 9,
                                                "node_type": "SourceRef",
                                                "row_end": 3,
                                                "row_start": 3,
                                                "source_file_name": "test_for_1.py"
                                            }
                                        ]
                                    },
                                    {
                                        "node_type": "Number",
                                        "number": 2,
                                        "source_refs": [
                                            {
                                                "col_end": 12,
                                                "col_start": 11,
                                                "node_type": "SourceRef",
                                                "row_end": 3,
                                                "row_start": 3,
                                                "source_file_name": "test_for_1.py"
                                            }
                                        ]
                                    },
                                    {
                                        "node_type": "Number",
                                        "number": 3,
                                        "source_refs": [
                                            {
                                                "col_end": 14,
                                                "col_start": 13,
                                                "node_type": "SourceRef",
                                                "row_end": 3,
                                                "row_start": 3,
                                                "source_file_name": "test_for_1.py"
                                            }
                                        ]
                                    },
                                    {
                                        "node_type": "Number",
                                        "number": 4,
                                        "source_refs": [
                                            {
                                                "col_end": 16,
                                                "col_start": 15,
                                                "node_type": "SourceRef",
                                                "row_end": 3,
                                                "row_start": 3,
                                                "source_file_name": "test_for_1.py"
                                            }
                                        ]
                                    },
                                    {
                                        "node_type": "Number",
                                        "number": 5,
                                        "source_refs": [
                                            {
                                                "col_end": 18,
                                                "col_start": 17,
                                                "node_type": "SourceRef",
                                                "row_end": 3,
                                                "row_start": 3,
                                                "source_file_name": "test_for_1.py"
                                            }
                                        ]
                                    }
                                ]
                            },
                            "source_refs": [
                                {
                                    "col_end": 19,
                                    "col_start": 4,
                                    "node_type": "SourceRef",
                                    "row_end": 3,
                                    "row_start": 3,
                                    "source_file_name": "test_for_1.py"
                                }
                            ]
                        },
                        {
                            "left": {
                                "node_type": "Var",
                                "source_refs": [
                                    {
                                        "col_end": 13,
                                        "col_start": 4,
                                        "node_type": "SourceRef",
                                        "row_end": 5,
                                        "row_start": 4,
                                        "source_file_name": "test_for_1.py"
                                    }
                                ],
                                "type": "float",
                                "val": {
                                    "name": "generated_index%",
                                    "node_type": "Name",
                                    "source_refs": [
                                        {
                                            "col_end": 13,
                                            "col_start": 4,
                                            "node_type": "SourceRef",
                                            "row_end": 5,
                                            "row_start": 4,
                                            "source_file_name": "test_for_1.py"
                                        }
                                    ]
                                }
                            },
                            "node_type": "Assignment",
                            "right": {
                                "node_type": "Number",
                                "number": 0,
                                "source_refs": [
                                    {
                                        "col_end": 13,
                                        "col_start": 4,
                                        "node_type": "SourceRef",
                                        "row_end": 5,
                                        "row_start": 4,
                                        "source_file_name": "test_for_1.py"
                                    }
                                ]
                            },
                            "source_refs": [
                                {
                                    "col_end": 13,
                                    "col_start": 4,
                                    "node_type": "SourceRef",
                                    "row_end": 5,
                                    "row_start": 4,
                                    "source_file_name": "test_for_1.py"
                                }
                            ]
                        },
                        {
                            "body": [
                                {
                                    "left": {
                                        "node_type": "Var",
                                        "source_refs": [
                                            {
                                                "col_end": 13,
                                                "col_start": 4,
                                                "node_type": "SourceRef",
                                                "row_end": 5,
                                                "row_start": 4,
                                                "source_file_name": "test_for_1.py"
                                            }
                                        ],
                                        "type": "float",
                                        "val": {
                                            "name": "i",
                                            "node_type": "Name",
                                            "source_refs": [
                                                {
                                                    "col_end": 13,
                                                    "col_start": 4,
                                                    "node_type": "SourceRef",
                                                    "row_end": 5,
                                                    "row_start": 4,
                                                    "source_file_name": "test_for_1.py"
                                                }
                                            ]
                                        }
                                    },
                                    "node_type": "Assignment",
                                    "right": {
                                        "node_type": "Subscript",
                                        "slice": {
                                            "name": "generated_index%",
                                            "node_type": "Name",
                                            "source_refs": [
                                                {
                                                    "col_end": 13,
                                                    "col_start": 4,
                                                    "node_type": "SourceRef",
                                                    "row_end": 5,
                                                    "row_start": 4,
                                                    "source_file_name": "test_for_1.py"
                                                }
                                            ]
                                        },
                                        "source_refs": [
                                            {
                                                "col_end": 13,
                                                "col_start": 4,
                                                "node_type": "SourceRef",
                                                "row_end": 5,
                                                "row_start": 4,
                                                "source_file_name": "test_for_1.py"
                                            }
                                        ],
                                        "value": {
                                            "name": "y",
                                            "node_type": "Name",
                                            "source_refs": [
                                                {
                                                    "col_end": 13,
                                                    "col_start": 4,
                                                    "node_type": "SourceRef",
                                                    "row_end": 5,
                                                    "row_start": 4,
                                                    "source_file_name": "test_for_1.py"
                                                }
                                            ]
                                        }
                                    },
                                    "source_refs": [
                                        {
                                            "col_end": 13,
                                            "col_start": 4,
                                            "node_type": "SourceRef",
                                            "row_end": 5,
                                            "row_start": 4,
                                            "source_file_name": "test_for_1.py"
                                        }
                                    ]
                                },
                                {
                                    "left": {
                                        "node_type": "Var",
                                        "source_refs": [
                                            {
                                                "col_end": 9,
                                                "col_start": 8,
                                                "node_type": "SourceRef",
                                                "row_end": 5,
                                                "row_start": 5,
                                                "source_file_name": "test_for_1.py"
                                            }
                                        ],
                                        "type": "float",
                                        "val": {
                                            "name": "x",
                                            "node_type": "Name",
                                            "source_refs": [
                                                {
                                                    "col_end": 9,
                                                    "col_start": 8,
                                                    "node_type": "SourceRef",
                                                    "row_end": 5,
                                                    "row_start": 5,
                                                    "source_file_name": "test_for_1.py"
                                                }
                                            ]
                                        }
                                    },
                                    "node_type": "Assignment",
                                    "right": {
                                        "node_type": "Number",
                                        "number": 1,
                                        "source_refs": [
                                            {
                                                "col_end": 13,
                                                "col_start": 12,
                                                "node_type": "SourceRef",
                                                "row_end": 5,
                                                "row_start": 5,
                                                "source_file_name": "test_for_1.py"
                                            }
                                        ]
                                    },
                                    "source_refs": [
                                        {
                                            "col_end": 13,
                                            "col_start": 8,
                                            "node_type": "SourceRef",
                                            "row_end": 5,
                                            "row_start": 5,
                                            "source_file_name": "test_for_1.py"
                                        }
                                    ]
                                },
                                {
                                    "left": {
                                        "node_type": "Var",
                                        "source_refs": [
                                            {
                                                "col_end": 13,
                                                "col_start": 4,
                                                "node_type": "SourceRef",
                                                "row_end": 5,
                                                "row_start": 4,
                                                "source_file_name": "test_for_1.py"
                                            }
                                        ],
                                        "type": "float",
                                        "val": {
                                            "name": "generated_index%",
                                            "node_type": "Name",
                                            "source_refs": [
                                                {
                                                    "col_end": 13,
                                                    "col_start": 4,
                                                    "node_type": "SourceRef",
                                                    "row_end": 5,
                                                    "row_start": 4,
                                                    "source_file_name": "test_for_1.py"
                                                }
                                            ]
                                        }
                                    },
                                    "node_type": "Assignment",
                                    "right": {
                                        "left": {
                                            "name": "generated_index%",
                                            "node_type": "Name",
                                            "source_refs": [
                                                {
                                                    "col_end": 13,
                                                    "col_start": 4,
                                                    "node_type": "SourceRef",
                                                    "row_end": 5,
                                                    "row_start": 4,
                                                    "source_file_name": "test_for_1.py"
                                                }
                                            ]
                                        },
                                        "node_type": "BinaryOp",
                                        "op": "Add",
                                        "right": {
                                            "node_type": "Number",
                                            "number": 1,
                                            "source_refs": [
                                                {
                                                    "col_end": 13,
                                                    "col_start": 4,
                                                    "node_type": "SourceRef",
                                                    "row_end": 5,
                                                    "row_start": 4,
                                                    "source_file_name": "test_for_1.py"
                                                }
                                            ]
                                        },
                                        "source_refs": [
                                            {
                                                "col_end": 13,
                                                "col_start": 4,
                                                "node_type": "SourceRef",
                                                "row_end": 5,
                                                "row_start": 4,
                                                "source_file_name": "test_for_1.py"
                                            }
                                        ]
                                    },
                                    "source_refs": [
                                        {
                                            "col_end": 13,
                                            "col_start": 4,
                                            "node_type": "SourceRef",
                                            "row_end": 5,
                                            "row_start": 4,
                                            "source_file_name": "test_for_1.py"
                                        }
                                    ]
                                }
                            ],
                            "expr": {
                                "left": {
                                    "name": "generated_index%",
                                    "node_type": "Name",
                                    "source_refs": [
                                        {
                                            "col_end": 13,
                                            "col_start": 4,
                                            "node_type": "SourceRef",
                                            "row_end": 5,
                                            "row_start": 4,
                                            "source_file_name": "test_for_1.py"
                                        }
                                    ]
                                },
                                "node_type": "BinaryOp",
                                "op": "Lt",
                                "right": {
                                    "arguments": [
                                        {
                                            "name": "y",
                                            "node_type": "Name",
                                            "source_refs": [
                                                {
                                                    "col_end": 14,
                                                    "col_start": 13,
                                                    "node_type": "SourceRef",
                                                    "row_end": 4,
                                                    "row_start": 4,
                                                    "source_file_name": "test_for_1.py"
                                                }
                                            ]
                                        }
                                    ],
                                    "func": {
                                        "name": "len",
                                        "node_type": "Name",
                                        "source_refs": [
                                            {
                                                "col_end": 13,
                                                "col_start": 4,
                                                "node_type": "SourceRef",
                                                "row_end": 5,
                                                "row_start": 4,
                                                "source_file_name": "test_for_1.py"
                                            }
                                        ]
                                    },
                                    "node_type": "Call",
                                    "source_refs": [
                                        {
                                            "col_end": 13,
                                            "col_start": 4,
                                            "node_type": "SourceRef",
                                            "row_end": 5,
                                            "row_start": 4,
                                            "source_file_name": "test_for_1.py"
                                        }
                                    ]
                                },
                                "source_refs": [
                                    {
                                        "col_end": 13,
                                        "col_start": 4,
                                        "node_type": "SourceRef",
                                        "row_end": 5,
                                        "row_start": 4,
                                        "source_file_name": "test_for_1.py"
                                    }
                                ]
                            },
                            "node_type": "Loop",
                            "source_refs": [
                                {
                                    "col_end": 13,
                                    "col_start": 4,
                                    "node_type": "SourceRef",
                                    "row_end": 5,
                                    "row_start": 4,
                                    "source_file_name": "test_for_1.py"
                                }
                            ]
                        }
                    ],
                    "func_args": [],
                    "name": "main",
                    "node_type": "FunctionDef",
                    "source_refs": [
                        {
                            "col_end": 13,
                            "col_start": 0,
                            "node_type": "SourceRef",
                            "row_end": 5,
                            "row_start": 2,
                            "source_file_name": "test_for_1.py"
                        }
                    ]
                }
            ],
            "name": "test_for_1",
            "node_type": "Module",
            "source_refs": [
                {
                    "col_end": null,
                    "col_start": null,
                    "node_type": "SourceRef",
                    "row_end": 5,
                    "row_start": 1,
                    "source_file_name": "test_for_1.py"
                }
            ]
        }
    ]
}