{
    "nodes": [
        {
            "body": [
                {
                    "body": [
                        {
                            "left": {
                                "node_type": "Tuple",
                                "source_refs": [
                                    {
                                        "col_end": 7,
                                        "col_start": 4,
                                        "node_type": "SourceRef",
                                        "row_end": 2,
                                        "row_start": 2,
                                        "source_file_name": "test_assign_3.py"
                                    }
                                ],
                                "values": [
                                    {
                                        "node_type": "Var",
                                        "source_refs": [
                                            {
                                                "col_end": 5,
                                                "col_start": 4,
                                                "node_type": "SourceRef",
                                                "row_end": 2,
                                                "row_start": 2,
                                                "source_file_name": "test_assign_3.py"
                                            }
                                        ],
                                        "type": "float",
                                        "val": {
                                            "name": "x",
                                            "node_type": "Name",
                                            "source_refs": [
                                                {
                                                    "col_end": 5,
                                                    "col_start": 4,
                                                    "node_type": "SourceRef",
                                                    "row_end": 2,
                                                    "row_start": 2,
                                                    "source_file_name": "test_assign_3.py"
                                                }
                                            ]
                                        }
                                    },
                                    {
                                        "node_type": "Var",
                                        "source_refs": [
                                            {
                                                "col_end": 7,
                                                "col_start": 6,
                                                "node_type": "SourceRef",
                                                "row_end": 2,
                                                "row_start": 2,
                                                "source_file_name": "test_assign_3.py"
                                            }
                                        ],
                                        "type": "float",
                                        "val": {
                                            "name": "y",
                                            "node_type": "Name",
                                            "source_refs": [
                                                {
                                                    "col_end": 7,
                                                    "col_start": 6,
                                                    "node_type": "SourceRef",
                                                    "row_end": 2,
                                                    "row_start": 2,
                                                    "source_file_name": "test_assign_3.py"
                                                }
                                            ]
                                        }
                                    }
                                ]
                            },
                            "node_type": "Assignment",
                            "right": {
                                "node_type": "Tuple",
                                "source_refs": [
                                    {
                                        "col_end": 13,
                                        "col_start": 10,
                                        "node_type": "SourceRef",
                                        "row_end": 2,
                                        "row_start": 2,
                                        "source_file_name": "test_assign_3.py"
                                    }
                                ],
                                "values": [
                                    {
                                        "node_type": "Number",
                                        "number": 1,
                                        "source_refs": [
                                            {
                                                "col_end": 11,
                                                "col_start": 10,
                                                "node_type": "SourceRef",
                                                "row_end": 2,
                                                "row_start": 2,
                                                "source_file_name": "test_assign_3.py"
                                            }
                                        ]
                                    },
                                    {
                                        "node_type": "Number",
                                        "number": 2,
                                        "source_refs": [
                                            {
                                                "col_end": 13,
                                                "col_start": 12,
                                                "node_type": "SourceRef",
                                                "row_end": 2,
                                                "row_start": 2,
                                                "source_file_name": "test_assign_3.py"
                                            }
                                        ]
                                    }
                                ]
                            },
                            "source_refs": [
                                {
                                    "col_end": 13,
                                    "col_start": 4,
                                    "node_type": "SourceRef",
                                    "row_end": 2,
                                    "row_start": 2,
                                    "source_file_name": "test_assign_3.py"
                                }
                            ]
                        }
                    ],
                    "func_args": [],
                    "name": "main",
                    "node_type": "FunctionDef",
                    "source_refs": [
                        {
                            "col_end": 13,
                            "col_start": 0,
                            "node_type": "SourceRef",
                            "row_end": 2,
                            "row_start": 1,
                            "source_file_name": "test_assign_3.py"
                        }
                    ]
                }
            ],
            "name": "test_assign_3",
            "node_type": "Module",
            "source_refs": [
                {
                    "col_end": null,
                    "col_start": null,
                    "node_type": "SourceRef",
                    "row_end": 2,
                    "row_start": 1,
                    "source_file_name": "test_assign_3.py"
                }
            ]
        }
    ]
}