{
    "nodes": [
        {
            "body": [
                {
                    "body": [
                        {
                            "body": [
                                {
                                    "expr": {
                                        "arguments": [
                                            {
                                                "node_type": "String",
                                                "source_refs": [
                                                    {
                                                        "col_end": 19,
                                                        "col_start": 14,
                                                        "node_type": "SourceRef",
                                                        "row_end": 3,
                                                        "row_start": 3,
                                                        "source_file_name": "test_if_5.py"
                                                    }
                                                ],
                                                "string": "Hey"
                                            }
                                        ],
                                        "func": {
                                            "name": "print",
                                            "node_type": "Name",
                                            "source_refs": [
                                                {
                                                    "col_end": 20,
                                                    "col_start": 8,
                                                    "node_type": "SourceRef",
                                                    "row_end": 3,
                                                    "row_start": 3,
                                                    "source_file_name": "test_if_5.py"
                                                }
                                            ]
                                        },
                                        "node_type": "Call",
                                        "source_refs": [
                                            {
                                                "col_end": 20,
                                                "col_start": 8,
                                                "node_type": "SourceRef",
                                                "row_end": 3,
                                                "row_start": 3,
                                                "source_file_name": "test_if_5.py"
                                            }
                                        ]
                                    },
                                    "node_type": "Expr",
                                    "source_refs": [
                                        {
                                            "col_end": 20,
                                            "col_start": 8,
                                            "node_type": "SourceRef",
                                            "row_end": 3,
                                            "row_start": 3,
                                            "source_file_name": "test_if_5.py"
                                        }
                                    ]
                                }
                            ],
                            "expr": {
                                "left": {
                                    "node_type": "Number",
                                    "number": true,
                                    "source_refs": [
                                        {
                                            "col_end": 11,
                                            "col_start": 7,
                                            "node_type": "SourceRef",
                                            "row_end": 2,
                                            "row_start": 2,
                                            "source_file_name": "test_if_5.py"
                                        }
                                    ]
                                },
                                "node_type": "BinaryOp",
                                "op": "And",
                                "right": {
                                    "left": {
                                        "node_type": "Number",
                                        "number": true,
                                        "source_refs": [
                                            {
                                                "col_end": 39,
                                                "col_start": 35,
                                                "node_type": "SourceRef",
                                                "row_end": 2,
                                                "row_start": 2,
                                                "source_file_name": "test_if_5.py"
                                            }
                                        ]
                                    },
                                    "node_type": "BinaryOp",
                                    "op": "And",
                                    "right": {
                                        "left": {
                                            "node_type": "Number",
                                            "number": false,
                                            "source_refs": [
                                                {
                                                    "col_end": 30,
                                                    "col_start": 25,
                                                    "node_type": "SourceRef",
                                                    "row_end": 2,
                                                    "row_start": 2,
                                                    "source_file_name": "test_if_5.py"
                                                }
                                            ]
                                        },
                                        "node_type": "BinaryOp",
                                        "op": "And",
                                        "right": {
                                            "node_type": "Number",
                                            "number": true,
                                            "source_refs": [
                                                {
                                                    "col_end": 20,
                                                    "col_start": 16,
                                                    "node_type": "SourceRef",
                                                    "row_end": 2,
                                                    "row_start": 2,
                                                    "source_file_name": "test_if_5.py"
                                                }
                                            ]
                                        },
                                        "source_refs": [
                                            {
                                                "col_end": 39,
                                                "col_start": 7,
                                                "node_type": "SourceRef",
                                                "row_end": 2,
                                                "row_start": 2,
                                                "source_file_name": "test_if_5.py"
                                            }
                                        ]
                                    },
                                    "source_refs": [
                                        {
                                            "col_end": 39,
                                            "col_start": 7,
                                            "node_type": "SourceRef",
                                            "row_end": 2,
                                            "row_start": 2,
                                            "source_file_name": "test_if_5.py"
                                        }
                                    ]
                                },
                                "source_refs": [
                                    {
                                        "col_end": 39,
                                        "col_start": 7,
                                        "node_type": "SourceRef",
                                        "row_end": 2,
                                        "row_start": 2,
                                        "source_file_name": "test_if_5.py"
                                    }
                                ]
                            },
                            "node_type": "ModelIf",
                            "orelse": [],
                            "source_refs": [
                                {
                                    "col_end": 20,
                                    "col_start": 4,
                                    "node_type": "SourceRef",
                                    "row_end": 3,
                                    "row_start": 2,
                                    "source_file_name": "test_if_5.py"
                                }
                            ]
                        },
                        {
                            "body": [
                                {
                                    "expr": {
                                        "arguments": [
                                            {
                                                "node_type": "String",
                                                "source_refs": [
                                                    {
                                                        "col_end": 18,
                                                        "col_start": 14,
                                                        "node_type": "SourceRef",
                                                        "row_end": 6,
                                                        "row_start": 6,
                                                        "source_file_name": "test_if_5.py"
                                                    }
                                                ],
                                                "string": "Hi"
                                            }
                                        ],
                                        "func": {
                                            "name": "print",
                                            "node_type": "Name",
                                            "source_refs": [
                                                {
                                                    "col_end": 19,
                                                    "col_start": 8,
                                                    "node_type": "SourceRef",
                                                    "row_end": 6,
                                                    "row_start": 6,
                                                    "source_file_name": "test_if_5.py"
                                                }
                                            ]
                                        },
                                        "node_type": "Call",
                                        "source_refs": [
                                            {
                                                "col_end": 19,
                                                "col_start": 8,
                                                "node_type": "SourceRef",
                                                "row_end": 6,
                                                "row_start": 6,
                                                "source_file_name": "test_if_5.py"
                                            }
                                        ]
                                    },
                                    "node_type": "Expr",
                                    "source_refs": [
                                        {
                                            "col_end": 19,
                                            "col_start": 8,
                                            "node_type": "SourceRef",
                                            "row_end": 6,
                                            "row_start": 6,
                                            "source_file_name": "test_if_5.py"
                                        }
                                    ]
                                }
                            ],
                            "expr": {
                                "left": {
                                    "node_type": "Number",
                                    "number": false,
                                    "source_refs": [
                                        {
                                            "col_end": 12,
                                            "col_start": 7,
                                            "node_type": "SourceRef",
                                            "row_end": 5,
                                            "row_start": 5,
                                            "source_file_name": "test_if_5.py"
                                        }
                                    ]
                                },
                                "node_type": "BinaryOp",
                                "op": "Or",
                                "right": {
                                    "left": {
                                        "node_type": "Number",
                                        "number": true,
                                        "source_refs": [
                                            {
                                                "col_end": 38,
                                                "col_start": 34,
                                                "node_type": "SourceRef",
                                                "row_end": 5,
                                                "row_start": 5,
                                                "source_file_name": "test_if_5.py"
                                            }
                                        ]
                                    },
                                    "node_type": "BinaryOp",
                                    "op": "Or",
                                    "right": {
                                        "left": {
                                            "node_type": "Number",
                                            "number": false,
                                            "source_refs": [
                                                {
                                                    "col_end": 30,
                                                    "col_start": 25,
                                                    "node_type": "SourceRef",
                                                    "row_end": 5,
                                                    "row_start": 5,
                                                    "source_file_name": "test_if_5.py"
                                                }
                                            ]
                                        },
                                        "node_type": "BinaryOp",
                                        "op": "Or",
                                        "right": {
                                            "node_type": "Number",
                                            "number": false,
                                            "source_refs": [
                                                {
                                                    "col_end": 21,
                                                    "col_start": 16,
                                                    "node_type": "SourceRef",
                                                    "row_end": 5,
                                                    "row_start": 5,
                                                    "source_file_name": "test_if_5.py"
                                                }
                                            ]
                                        },
                                        "source_refs": [
                                            {
                                                "col_end": 38,
                                                "col_start": 7,
                                                "node_type": "SourceRef",
                                                "row_end": 5,
                                                "row_start": 5,
                                                "source_file_name": "test_if_5.py"
                                            }
                                        ]
                                    },
                                    "source_refs": [
                                        {
                                            "col_end": 38,
                                            "col_start": 7,
                                            "node_type": "SourceRef",
                                            "row_end": 5,
                                            "row_start": 5,
                                            "source_file_name": "test_if_5.py"
                                        }
                                    ]
                                },
                                "source_refs": [
                                    {
                                        "col_end": 38,
                                        "col_start": 7,
                                        "node_type": "SourceRef",
                                        "row_end": 5,
                                        "row_start": 5,
                                        "source_file_name": "test_if_5.py"
                                    }
                                ]
                            },
                            "node_type": "ModelIf",
                            "orelse": [],
                            "source_refs": [
                                {
                                    "col_end": 19,
                                    "col_start": 4,
                                    "node_type": "SourceRef",
                                    "row_end": 6,
                                    "row_start": 5,
                                    "source_file_name": "test_if_5.py"
                                }
                            ]
                        },
                        {
                            "body": [
                                {
                                    "expr": {
                                        "arguments": [
                                            {
                                                "node_type": "String",
                                                "source_refs": [
                                                    {
                                                        "col_end": 21,
                                                        "col_start": 14,
                                                        "node_type": "SourceRef",
                                                        "row_end": 9,
                                                        "row_start": 9,
                                                        "source_file_name": "test_if_5.py"
                                                    }
                                                ],
                                                "string": "Hello"
                                            }
                                        ],
                                        "func": {
                                            "name": "print",
                                            "node_type": "Name",
                                            "source_refs": [
                                                {
                                                    "col_end": 22,
                                                    "col_start": 8,
                                                    "node_type": "SourceRef",
                                                    "row_end": 9,
                                                    "row_start": 9,
                                                    "source_file_name": "test_if_5.py"
                                                }
                                            ]
                                        },
                                        "node_type": "Call",
                                        "source_refs": [
                                            {
                                                "col_end": 22,
                                                "col_start": 8,
                                                "node_type": "SourceRef",
                                                "row_end": 9,
                                                "row_start": 9,
                                                "source_file_name": "test_if_5.py"
                                            }
                                        ]
                                    },
                                    "node_type": "Expr",
                                    "source_refs": [
                                        {
                                            "col_end": 22,
                                            "col_start": 8,
                                            "node_type": "SourceRef",
                                            "row_end": 9,
                                            "row_start": 9,
                                            "source_file_name": "test_if_5.py"
                                        }
                                    ]
                                }
                            ],
                            "expr": {
                                "left": {
                                    "left": {
                                        "node_type": "Number",
                                        "number": true,
                                        "source_refs": [
                                            {
                                                "col_end": 11,
                                                "col_start": 7,
                                                "node_type": "SourceRef",
                                                "row_end": 8,
                                                "row_start": 8,
                                                "source_file_name": "test_if_5.py"
                                            }
                                        ]
                                    },
                                    "node_type": "BinaryOp",
                                    "op": "And",
                                    "right": {
                                        "node_type": "Number",
                                        "number": false,
                                        "source_refs": [
                                            {
                                                "col_end": 21,
                                                "col_start": 16,
                                                "node_type": "SourceRef",
                                                "row_end": 8,
                                                "row_start": 8,
                                                "source_file_name": "test_if_5.py"
                                            }
                                        ]
                                    },
                                    "source_refs": [
                                        {
                                            "col_end": 21,
                                            "col_start": 7,
                                            "node_type": "SourceRef",
                                            "row_end": 8,
                                            "row_start": 8,
                                            "source_file_name": "test_if_5.py"
                                        }
                                    ]
                                },
                                "node_type": "BinaryOp",
                                "op": "Or",
                                "right": {
                                    "node_type": "Number",
                                    "number": true,
                                    "source_refs": [
                                        {
                                            "col_end": 29,
                                            "col_start": 25,
                                            "node_type": "SourceRef",
                                            "row_end": 8,
                                            "row_start": 8,
                                            "source_file_name": "test_if_5.py"
                                        }
                                    ]
                                },
                                "source_refs": [
                                    {
                                        "col_end": 29,
                                        "col_start": 7,
                                        "node_type": "SourceRef",
                                        "row_end": 8,
                                        "row_start": 8,
                                        "source_file_name": "test_if_5.py"
                                    }
                                ]
                            },
                            "node_type": "ModelIf",
                            "orelse": [],
                            "source_refs": [
                                {
                                    "col_end": 22,
                                    "col_start": 4,
                                    "node_type": "SourceRef",
                                    "row_end": 9,
                                    "row_start": 8,
                                    "source_file_name": "test_if_5.py"
                                }
                            ]
                        }
                    ],
                    "func_args": [],
                    "name": "main",
                    "node_type": "FunctionDef",
                    "source_refs": [
                        {
                            "col_end": 22,
                            "col_start": 0,
                            "node_type": "SourceRef",
                            "row_end": 9,
                            "row_start": 1,
                            "source_file_name": "test_if_5.py"
                        }
                    ]
                }
            ],
            "name": "test_if_5",
            "node_type": "Module",
            "source_refs": [
                {
                    "col_end": null,
                    "col_start": null,
                    "node_type": "SourceRef",
                    "row_end": 9,
                    "row_start": 1,
                    "source_file_name": "test_if_5.py"
                }
            ]
        }
    ]
}