{
    "nodes": [
        {
            "body": [
                {
                    "body": [
                        {
                            "node_type": "ModelReturn",
                            "source_refs": [
                                {
                                    "col_end": 16,
                                    "col_start": 4,
                                    "node_type": "SourceRef",
                                    "row_end": 3,
                                    "row_start": 3,
                                    "source_file_name": "test_call_1.py"
                                }
                            ],
                            "value": {
                                "left": {
                                    "name": "x",
                                    "node_type": "Name",
                                    "source_refs": [
                                        {
                                            "col_end": 12,
                                            "col_start": 11,
                                            "node_type": "SourceRef",
                                            "row_end": 3,
                                            "row_start": 3,
                                            "source_file_name": "test_call_1.py"
                                        }
                                    ]
                                },
                                "node_type": "BinaryOp",
                                "op": "Mult",
                                "right": {
                                    "name": "x",
                                    "node_type": "Name",
                                    "source_refs": [
                                        {
                                            "col_end": 16,
                                            "col_start": 15,
                                            "node_type": "SourceRef",
                                            "row_end": 3,
                                            "row_start": 3,
                                            "source_file_name": "test_call_1.py"
                                        }
                                    ]
                                },
                                "source_refs": [
                                    {
                                        "col_end": 16,
                                        "col_start": 11,
                                        "node_type": "SourceRef",
                                        "row_end": 3,
                                        "row_start": 3,
                                        "source_file_name": "test_call_1.py"
                                    }
                                ]
                            }
                        }
                    ],
                    "func_args": [
                        {
                            "node_type": "Var",
                            "source_refs": [
                                {
                                    "col_end": 9,
                                    "col_start": 8,
                                    "node_type": "SourceRef",
                                    "row_end": 2,
                                    "row_start": 2,
                                    "source_file_name": "test_call_1.py"
                                }
                            ],
                            "type": "float",
                            "val": {
                                "name": "x",
                                "node_type": "Name",
                                "source_refs": [
                                    {
                                        "col_end": 9,
                                        "col_start": 8,
                                        "node_type": "SourceRef",
                                        "row_end": 2,
                                        "row_start": 2,
                                        "source_file_name": "test_call_1.py"
                                    }
                                ]
                            }
                        }
                    ],
                    "name": "foo",
                    "node_type": "FunctionDef",
                    "source_refs": [
                        {
                            "col_end": 16,
                            "col_start": 0,
                            "node_type": "SourceRef",
                            "row_end": 3,
                            "row_start": 2,
                            "source_file_name": "test_call_1.py"
                        }
                    ]
                },
                {
                    "body": [
                        {
                            "left": {
                                "node_type": "Var",
                                "source_refs": [
                                    {
                                        "col_end": 5,
                                        "col_start": 4,
                                        "node_type": "SourceRef",
                                        "row_end": 6,
                                        "row_start": 6,
                                        "source_file_name": "test_call_1.py"
                                    }
                                ],
                                "type": "float",
                                "val": {
                                    "name": "x",
                                    "node_type": "Name",
                                    "source_refs": [
                                        {
                                            "col_end": 5,
                                            "col_start": 4,
                                            "node_type": "SourceRef",
                                            "row_end": 6,
                                            "row_start": 6,
                                            "source_file_name": "test_call_1.py"
                                        }
                                    ]
                                }
                            },
                            "node_type": "Assignment",
                            "right": {
                                "node_type": "Number",
                                "number": 2,
                                "source_refs": [
                                    {
                                        "col_end": 9,
                                        "col_start": 8,
                                        "node_type": "SourceRef",
                                        "row_end": 6,
                                        "row_start": 6,
                                        "source_file_name": "test_call_1.py"
                                    }
                                ]
                            },
                            "source_refs": [
                                {
                                    "col_end": 9,
                                    "col_start": 4,
                                    "node_type": "SourceRef",
                                    "row_end": 6,
                                    "row_start": 6,
                                    "source_file_name": "test_call_1.py"
                                }
                            ]
                        },
                        {
                            "left": {
                                "node_type": "Var",
                                "source_refs": [
                                    {
                                        "col_end": 5,
                                        "col_start": 4,
                                        "node_type": "SourceRef",
                                        "row_end": 7,
                                        "row_start": 7,
                                        "source_file_name": "test_call_1.py"
                                    }
                                ],
                                "type": "float",
                                "val": {
                                    "name": "y",
                                    "node_type": "Name",
                                    "source_refs": [
                                        {
                                            "col_end": 5,
                                            "col_start": 4,
                                            "node_type": "SourceRef",
                                            "row_end": 7,
                                            "row_start": 7,
                                            "source_file_name": "test_call_1.py"
                                        }
                                    ]
                                }
                            },
                            "node_type": "Assignment",
                            "right": {
                                "left": {
                                    "node_type": "Number",
                                    "number": 3,
                                    "source_refs": [
                                        {
                                            "col_end": 9,
                                            "col_start": 8,
                                            "node_type": "SourceRef",
                                            "row_end": 7,
                                            "row_start": 7,
                                            "source_file_name": "test_call_1.py"
                                        }
                                    ]
                                },
                                "node_type": "BinaryOp",
                                "op": "Add",
                                "right": {
                                    "arguments": [
                                        {
                                            "node_type": "Number",
                                            "number": 2,
                                            "source_refs": [
                                                {
                                                    "col_end": 17,
                                                    "col_start": 16,
                                                    "node_type": "SourceRef",
                                                    "row_end": 7,
                                                    "row_start": 7,
                                                    "source_file_name": "test_call_1.py"
                                                }
                                            ]
                                        }
                                    ],
                                    "func": {
                                        "name": "foo",
                                        "node_type": "Name",
                                        "source_refs": [
                                            {
                                                "col_end": 18,
                                                "col_start": 12,
                                                "node_type": "SourceRef",
                                                "row_end": 7,
                                                "row_start": 7,
                                                "source_file_name": "test_call_1.py"
                                            }
                                        ]
                                    },
                                    "node_type": "Call",
                                    "source_refs": [
                                        {
                                            "col_end": 18,
                                            "col_start": 12,
                                            "node_type": "SourceRef",
                                            "row_end": 7,
                                            "row_start": 7,
                                            "source_file_name": "test_call_1.py"
                                        }
                                    ]
                                },
                                "source_refs": [
                                    {
                                        "col_end": 18,
                                        "col_start": 8,
                                        "node_type": "SourceRef",
                                        "row_end": 7,
                                        "row_start": 7,
                                        "source_file_name": "test_call_1.py"
                                    }
                                ]
                            },
                            "source_refs": [
                                {
                                    "col_end": 18,
                                    "col_start": 4,
                                    "node_type": "SourceRef",
                                    "row_end": 7,
                                    "row_start": 7,
                                    "source_file_name": "test_call_1.py"
                                }
                            ]
                        },
                        {
                            "expr": {
                                "arguments": [
                                    {
                                        "name": "y",
                                        "node_type": "Name",
                                        "source_refs": [
                                            {
                                                "col_end": 11,
                                                "col_start": 10,
                                                "node_type": "SourceRef",
                                                "row_end": 8,
                                                "row_start": 8,
                                                "source_file_name": "test_call_1.py"
                                            }
                                        ]
                                    }
                                ],
                                "func": {
                                    "name": "print",
                                    "node_type": "Name",
                                    "source_refs": [
                                        {
                                            "col_end": 12,
                                            "col_start": 4,
                                            "node_type": "SourceRef",
                                            "row_end": 8,
                                            "row_start": 8,
                                            "source_file_name": "test_call_1.py"
                                        }
                                    ]
                                },
                                "node_type": "Call",
                                "source_refs": [
                                    {
                                        "col_end": 12,
                                        "col_start": 4,
                                        "node_type": "SourceRef",
                                        "row_end": 8,
                                        "row_start": 8,
                                        "source_file_name": "test_call_1.py"
                                    }
                                ]
                            },
                            "node_type": "Expr",
                            "source_refs": [
                                {
                                    "col_end": 12,
                                    "col_start": 4,
                                    "node_type": "SourceRef",
                                    "row_end": 8,
                                    "row_start": 8,
                                    "source_file_name": "test_call_1.py"
                                }
                            ]
                        }
                    ],
                    "func_args": [],
                    "name": "main",
                    "node_type": "FunctionDef",
                    "source_refs": [
                        {
                            "col_end": 12,
                            "col_start": 0,
                            "node_type": "SourceRef",
                            "row_end": 8,
                            "row_start": 5,
                            "source_file_name": "test_call_1.py"
                        }
                    ]
                }
            ],
            "name": "test_call_1",
            "node_type": "Module",
            "source_refs": [
                {
                    "col_end": null,
                    "col_start": null,
                    "node_type": "SourceRef",
                    "row_end": 8,
                    "row_start": 1,
                    "source_file_name": "test_call_1.py"
                }
            ]
        }
    ]
}