{
    "nodes": [
        {
            "body": [
                {
                    "body": [
                        {
                            "left": {
                                "node_type": "Var",
                                "source_refs": [
                                    {
                                        "col_end": 5,
                                        "col_start": 4,
                                        "node_type": "SourceRef",
                                        "row_end": 2,
                                        "row_start": 2,
                                        "source_file_name": "test_assign_6.py"
                                    }
                                ],
                                "type": "float",
                                "val": {
                                    "name": "x",
                                    "node_type": "Name",
                                    "source_refs": [
                                        {
                                            "col_end": 5,
                                            "col_start": 4,
                                            "node_type": "SourceRef",
                                            "row_end": 2,
                                            "row_start": 2,
                                            "source_file_name": "test_assign_6.py"
                                        }
                                    ]
                                }
                            },
                            "node_type": "Assignment",
                            "right": {
                                "left": {
                                    "node_type": "Var",
                                    "source_refs": [
                                        {
                                            "col_end": 9,
                                            "col_start": 8,
                                            "node_type": "SourceRef",
                                            "row_end": 2,
                                            "row_start": 2,
                                            "source_file_name": "test_assign_6.py"
                                        }
                                    ],
                                    "type": "float",
                                    "val": {
                                        "name": "y",
                                        "node_type": "Name",
                                        "source_refs": [
                                            {
                                                "col_end": 9,
                                                "col_start": 8,
                                                "node_type": "SourceRef",
                                                "row_end": 2,
                                                "row_start": 2,
                                                "source_file_name": "test_assign_6.py"
                                            }
                                        ]
                                    }
                                },
                                "node_type": "Assignment",
                                "right": {
                                    "left": {
                                        "node_type": "Var",
                                        "source_refs": [
                                            {
                                                "col_end": 13,
                                                "col_start": 12,
                                                "node_type": "SourceRef",
                                                "row_end": 2,
                                                "row_start": 2,
                                                "source_file_name": "test_assign_6.py"
                                            }
                                        ],
                                        "type": "float",
                                        "val": {
                                            "name": "z",
                                            "node_type": "Name",
                                            "source_refs": [
                                                {
                                                    "col_end": 13,
                                                    "col_start": 12,
                                                    "node_type": "SourceRef",
                                                    "row_end": 2,
                                                    "row_start": 2,
                                                    "source_file_name": "test_assign_6.py"
                                                }
                                            ]
                                        }
                                    },
                                    "node_type": "Assignment",
                                    "right": {
                                        "left": {
                                            "node_type": "Var",
                                            "source_refs": [
                                                {
                                                    "col_end": 17,
                                                    "col_start": 16,
                                                    "node_type": "SourceRef",
                                                    "row_end": 2,
                                                    "row_start": 2,
                                                    "source_file_name": "test_assign_6.py"
                                                }
                                            ],
                                            "type": "float",
                                            "val": {
                                                "name": "w",
                                                "node_type": "Name",
                                                "source_refs": [
                                                    {
                                                        "col_end": 17,
                                                        "col_start": 16,
                                                        "node_type": "SourceRef",
                                                        "row_end": 2,
                                                        "row_start": 2,
                                                        "source_file_name": "test_assign_6.py"
                                                    }
                                                ]
                                            }
                                        },
                                        "node_type": "Assignment",
                                        "right": {
                                            "node_type": "Number",
                                            "number": 100,
                                            "source_refs": [
                                                {
                                                    "col_end": 23,
                                                    "col_start": 20,
                                                    "node_type": "SourceRef",
                                                    "row_end": 2,
                                                    "row_start": 2,
                                                    "source_file_name": "test_assign_6.py"
                                                }
                                            ]
                                        },
                                        "source_refs": [
                                            {
                                                "col_end": 23,
                                                "col_start": 4,
                                                "node_type": "SourceRef",
                                                "row_end": 2,
                                                "row_start": 2,
                                                "source_file_name": "test_assign_6.py"
                                            }
                                        ]
                                    },
                                    "source_refs": [
                                        {
                                            "col_end": 23,
                                            "col_start": 4,
                                            "node_type": "SourceRef",
                                            "row_end": 2,
                                            "row_start": 2,
                                            "source_file_name": "test_assign_6.py"
                                        }
                                    ]
                                },
                                "source_refs": [
                                    {
                                        "col_end": 23,
                                        "col_start": 4,
                                        "node_type": "SourceRef",
                                        "row_end": 2,
                                        "row_start": 2,
                                        "source_file_name": "test_assign_6.py"
                                    }
                                ]
                            },
                            "source_refs": [
                                {
                                    "col_end": 23,
                                    "col_start": 4,
                                    "node_type": "SourceRef",
                                    "row_end": 2,
                                    "row_start": 2,
                                    "source_file_name": "test_assign_6.py"
                                }
                            ]
                        }
                    ],
                    "func_args": [],
                    "name": "main",
                    "node_type": "FunctionDef",
                    "source_refs": [
                        {
                            "col_end": 23,
                            "col_start": 0,
                            "node_type": "SourceRef",
                            "row_end": 2,
                            "row_start": 1,
                            "source_file_name": "test_assign_6.py"
                        }
                    ]
                }
            ],
            "name": "test_assign_6",
            "node_type": "Module",
            "source_refs": [
                {
                    "col_end": null,
                    "col_start": null,
                    "node_type": "SourceRef",
                    "row_end": 2,
                    "row_start": 1,
                    "source_file_name": "test_assign_6.py"
                }
            ]
        }
    ]
}